{
  "_start": 0,
  "_end": 140,
  "_trailingTriviaWidth": 0,
  "_astID": 295,
  "_preComments": null,
  "_postComments": null,
  "moduleElements": {
    "_start": 0,
    "_end": 139,
    "_trailingTriviaWidth": 1,
    "_astID": 294,
    "_preComments": null,
    "_postComments": null,
    "_fileName": "tmp.ts",
    "members": [
      {
        "_start": 0,
        "_end": 139,
        "_trailingTriviaWidth": 1,
        "_astID": 293,
        "_preComments": null,
        "_postComments": null,
        "modifiers": [],
        "identifier": {
          "_start": 6,
          "_end": 12,
          "_trailingTriviaWidth": 0,
          "_astID": 260,
          "_preComments": null,
          "_postComments": null,
          "_text": "Sample",
          "_valueText": null
        },
        "typeParameterList": null,
        "heritageClauses": {
          "_start": 13,
          "_end": 13,
          "_trailingTriviaWidth": 0,
          "_astID": 261,
          "_preComments": null,
          "_postComments": null,
          "_fileName": "tmp.ts",
          "members": []
        },
        "classElements": {
          "_start": 16,
          "_end": 137,
          "_trailingTriviaWidth": 1,
          "_astID": 292,
          "_preComments": null,
          "_postComments": null,
          "_fileName": "tmp.ts",
          "members": [
            {
              "_start": 16,
              "_end": 67,
              "_trailingTriviaWidth": 1,
              "_astID": 276,
              "_preComments": null,
              "_postComments": null,
              "modifiers": [],
              "propertyName": {
                "_start": 16,
                "_end": 20,
                "_trailingTriviaWidth": 0,
                "_astID": 262,
                "_preComments": null,
                "_postComments": null,
                "_text": "test",
                "_valueText": null
              },
              "callSignature": {
                "_start": 20,
                "_end": 36,
                "_trailingTriviaWidth": 1,
                "_astID": 269,
                "_preComments": null,
                "_postComments": null,
                "typeParameterList": null,
                "parameterList": {
                  "_start": 20,
                  "_end": 36,
                  "_trailingTriviaWidth": 1,
                  "_astID": 268,
                  "_preComments": null,
                  "_postComments": null,
                  "openParenTrailingComments": null,
                  "parameters": {
                    "_start": 21,
                    "_end": 35,
                    "_trailingTriviaWidth": 0,
                    "_astID": 267,
                    "_preComments": null,
                    "_postComments": null,
                    "_fileName": "tmp.ts",
                    "members": [
                      {
                        "_start": 21,
                        "_end": 35,
                        "_trailingTriviaWidth": 0,
                        "_astID": 266,
                        "_preComments": null,
                        "_postComments": null,
                        "dotDotDotToken": null,
                        "modifiers": [],
                        "identifier": {
                          "_start": 21,
                          "_end": 25,
                          "_trailingTriviaWidth": 0,
                          "_astID": 263,
                          "_preComments": null,
                          "_postComments": null,
                          "_text": "word",
                          "_valueText": null
                        },
                        "questionToken": null,
                        "typeAnnotation": null,
                        "equalsValueClause": {
                          "_start": 26,
                          "_end": 35,
                          "_trailingTriviaWidth": 0,
                          "_astID": 265,
                          "_preComments": null,
                          "_postComments": null,
                          "value": {
                            "_start": 28,
                            "_end": 35,
                            "_trailingTriviaWidth": 0,
                            "_astID": 264,
                            "_preComments": null,
                            "_postComments": null,
                            "_text": "\"world\"",
                            "_valueText": "world"
                          }
                        }
                      }
                    ],
                    "_separatorCount": 0
                  }
                },
                "typeAnnotation": null
              },
              "block": {
                "_start": 37,
                "_end": 67,
                "_trailingTriviaWidth": 1,
                "_astID": 275,
                "_preComments": null,
                "_postComments": null,
                "statements": {
                  "_start": 41,
                  "_end": 64,
                  "_trailingTriviaWidth": 1,
                  "_astID": 274,
                  "_preComments": null,
                  "_postComments": null,
                  "_fileName": "tmp.ts",
                  "members": [
                    {
                      "_start": 41,
                      "_end": 64,
                      "_trailingTriviaWidth": 1,
                      "_astID": 273,
                      "_preComments": null,
                      "_postComments": null,
                      "expression": {
                        "_start": 48,
                        "_end": 63,
                        "_trailingTriviaWidth": 0,
                        "_astID": 272,
                        "_preComments": null,
                        "_postComments": null,
                        "_nodeType": 208,
                        "left": {
                          "_start": 48,
                          "_end": 56,
                          "_trailingTriviaWidth": 0,
                          "_astID": 270,
                          "_preComments": null,
                          "_postComments": null,
                          "_text": "\"Hello,\"",
                          "_valueText": "Hello,"
                        },
                        "right": {
                          "_start": 59,
                          "_end": 63,
                          "_trailingTriviaWidth": 0,
                          "_astID": 271,
                          "_preComments": null,
                          "_postComments": null,
                          "_text": "word",
                          "_valueText": null
                        }
                      }
                    }
                  ]
                },
                "closeBraceLeadingComments": null,
                "closeBraceToken": {
                  "_start": 66,
                  "_end": 67
                }
              }
            },
            {
              "_start": 86,
              "_end": 137,
              "_trailingTriviaWidth": 1,
              "_astID": 291,
              "_preComments": [
                {
                  "_trivia": {
                    "kind": "SingleLineCommentTrivia",
                    "text": "// duplicated!"
                  },
                  "endsLine": true,
                  "_start": 70,
                  "_end": 84
                }
              ],
              "_postComments": null,
              "modifiers": [],
              "propertyName": {
                "_start": 86,
                "_end": 90,
                "_trailingTriviaWidth": 0,
                "_astID": 277,
                "_preComments": null,
                "_postComments": null,
                "_text": "test",
                "_valueText": null
              },
              "callSignature": {
                "_start": 90,
                "_end": 106,
                "_trailingTriviaWidth": 1,
                "_astID": 284,
                "_preComments": null,
                "_postComments": null,
                "typeParameterList": null,
                "parameterList": {
                  "_start": 90,
                  "_end": 106,
                  "_trailingTriviaWidth": 1,
                  "_astID": 283,
                  "_preComments": null,
                  "_postComments": null,
                  "openParenTrailingComments": null,
                  "parameters": {
                    "_start": 91,
                    "_end": 105,
                    "_trailingTriviaWidth": 0,
                    "_astID": 282,
                    "_preComments": null,
                    "_postComments": null,
                    "_fileName": "tmp.ts",
                    "members": [
                      {
                        "_start": 91,
                        "_end": 105,
                        "_trailingTriviaWidth": 0,
                        "_astID": 281,
                        "_preComments": null,
                        "_postComments": null,
                        "dotDotDotToken": null,
                        "modifiers": [],
                        "identifier": {
                          "_start": 91,
                          "_end": 95,
                          "_trailingTriviaWidth": 0,
                          "_astID": 278,
                          "_preComments": null,
                          "_postComments": null,
                          "_text": "word",
                          "_valueText": null
                        },
                        "questionToken": null,
                        "typeAnnotation": null,
                        "equalsValueClause": {
                          "_start": 96,
                          "_end": 105,
                          "_trailingTriviaWidth": 0,
                          "_astID": 280,
                          "_preComments": null,
                          "_postComments": null,
                          "value": {
                            "_start": 98,
                            "_end": 105,
                            "_trailingTriviaWidth": 0,
                            "_astID": 279,
                            "_preComments": null,
                            "_postComments": null,
                            "_text": "\"world\"",
                            "_valueText": "world"
                          }
                        }
                      }
                    ],
                    "_separatorCount": 0
                  }
                },
                "typeAnnotation": null
              },
              "block": {
                "_start": 107,
                "_end": 137,
                "_trailingTriviaWidth": 1,
                "_astID": 290,
                "_preComments": null,
                "_postComments": null,
                "statements": {
                  "_start": 111,
                  "_end": 134,
                  "_trailingTriviaWidth": 1,
                  "_astID": 289,
                  "_preComments": null,
                  "_postComments": null,
                  "_fileName": "tmp.ts",
                  "members": [
                    {
                      "_start": 111,
                      "_end": 134,
                      "_trailingTriviaWidth": 1,
                      "_astID": 288,
                      "_preComments": null,
                      "_postComments": null,
                      "expression": {
                        "_start": 118,
                        "_end": 133,
                        "_trailingTriviaWidth": 0,
                        "_astID": 287,
                        "_preComments": null,
                        "_postComments": null,
                        "_nodeType": 208,
                        "left": {
                          "_start": 118,
                          "_end": 126,
                          "_trailingTriviaWidth": 0,
                          "_astID": 285,
                          "_preComments": null,
                          "_postComments": null,
                          "_text": "\"Hello,\"",
                          "_valueText": "Hello,"
                        },
                        "right": {
                          "_start": 129,
                          "_end": 133,
                          "_trailingTriviaWidth": 0,
                          "_astID": 286,
                          "_preComments": null,
                          "_postComments": null,
                          "_text": "word",
                          "_valueText": null
                        }
                      }
                    }
                  ]
                },
                "closeBraceLeadingComments": null,
                "closeBraceToken": {
                  "_start": 136,
                  "_end": 137
                }
              }
            }
          ]
        },
        "closeBraceToken": {
          "_start": 138,
          "_end": 139
        }
      }
    ]
  },
  "endOfFileTokenLeadingComments": null,
  "_fileName": "tmp.ts"
}