{
  "pos": 0,
  "end": 68,
  "flags": 0,
  "filename": "tmp.ts",
  "text": "export function hello(word = \"world\") {\n\treturn \"Hello, \" + word;\n}\n",
  "referenceDiagnostics": [],
  "parseDiagnostics": [],
  "grammarDiagnostics": [],
  "semanticDiagnostics": [],
  "referencedFiles": [],
  "amdDependencies": [],
  "statements": [
    {
      "pos": 0,
      "end": 67,
      "flags": 1,
      "modifiers": [
        {
          "pos": 0,
          "end": 6
        }
      ],
      "name": {
        "pos": 15,
        "end": 21,
        "text": "hello"
      },
      "parameters": [
        {
          "pos": 22,
          "end": 36,
          "name": {
            "pos": 22,
            "end": 26,
            "text": "word"
          },
          "initializer": {
            "pos": 28,
            "end": 36,
            "text": "world"
          }
        }
      ],
      "body": {
        "pos": 37,
        "end": 67,
        "statements": [
          {
            "pos": 39,
            "end": 65,
            "expression": {
              "pos": 47,
              "end": 64,
              "left": {
                "pos": 47,
                "end": 57,
                "text": "Hello, "
              },
              "operator": 32,
              "right": {
                "pos": 59,
                "end": 64,
                "text": "word"
              }
            }
          }
        ]
      }
    }
  ],
  "endOfFileToken": {
    "pos": 67,
    "end": 68
  },
  "externalModuleIndicator": {
    "pos": 0,
    "end": 67,
    "flags": 1,
    "modifiers": [
      {
        "pos": 0,
        "end": 6
      }
    ],
    "name": {
      "pos": 15,
      "end": 21,
      "text": "hello"
    },
    "parameters": [
      {
        "pos": 22,
        "end": 36,
        "name": {
          "pos": 22,
          "end": 26,
          "text": "word"
        },
        "initializer": {
          "pos": 28,
          "end": 36,
          "text": "world"
        }
      }
    ],
    "body": {
      "pos": 37,
      "end": 67,
      "statements": [
        {
          "pos": 39,
          "end": 65,
          "expression": {
            "pos": 47,
            "end": 64,
            "left": {
              "pos": 47,
              "end": 57,
              "text": "Hello, "
            },
            "operator": 32,
            "right": {
              "pos": 59,
              "end": 64,
              "text": "word"
            }
          }
        }
      ]
    }
  },
  "nodeCount": 12,
  "identifierCount": 3,
  "version": "0",
  "isOpen": false,
  "languageVersion": 2,
  "identifiers": {
    "hello": "hello",
    "word": "word"
  }
}