{
  "pos": 0,
  "end": 140,
  "flags": 0,
  "filename": "tmp.ts",
  "text": "class Sample {\n\ttest(word = \"world\") {\n\t\treturn \"Hello,\" + word;\n\t}\n\n\t// duplicated!\n\ttest(word = \"world\") {\n\t\treturn \"Hello,\" + word;\n\t}\n}\n",
  "syntacticErrors": [],
  "semanticErrors": [],
  "referencedFiles": [],
  "amdDependencies": [],
  "statements": [
    {
      "pos": 0,
      "end": 139,
      "flags": 0,
      "name": {
        "pos": 5,
        "end": 12,
        "text": "Sample"
      },
      "members": [
        {
          "pos": 14,
          "end": 67,
          "flags": 0,
          "name": {
            "pos": 14,
            "end": 20,
            "text": "test"
          },
          "parameters": [
            {
              "pos": 21,
              "end": 35,
              "flags": 0,
              "name": {
                "pos": 21,
                "end": 25,
                "text": "word"
              },
              "initializer": {
                "pos": 27,
                "end": 35,
                "text": "world"
              }
            }
          ],
          "body": {
            "pos": 36,
            "end": 67,
            "statements": [
              {
                "pos": 38,
                "end": 64,
                "expression": {
                  "pos": 47,
                  "end": 63,
                  "left": {
                    "pos": 47,
                    "end": 56,
                    "text": "Hello,"
                  },
                  "operator": 32,
                  "right": {
                    "pos": 58,
                    "end": 63,
                    "text": "word"
                  }
                }
              }
            ],
            "kind": 186
          }
        },
        {
          "pos": 67,
          "end": 137,
          "flags": 0,
          "name": {
            "pos": 67,
            "end": 90,
            "text": "test"
          },
          "parameters": [
            {
              "pos": 91,
              "end": 105,
              "flags": 0,
              "name": {
                "pos": 91,
                "end": 95,
                "text": "word"
              },
              "initializer": {
                "pos": 97,
                "end": 105,
                "text": "world"
              }
            }
          ],
          "body": {
            "pos": 106,
            "end": 137,
            "statements": [
              {
                "pos": 108,
                "end": 134,
                "expression": {
                  "pos": 117,
                  "end": 133,
                  "left": {
                    "pos": 117,
                    "end": 126,
                    "text": "Hello,"
                  },
                  "operator": 32,
                  "right": {
                    "pos": 128,
                    "end": 133,
                    "text": "word"
                  }
                }
              }
            ],
            "kind": 186
          }
        }
      ]
    }
  ],
  "nodeCount": 22,
  "identifierCount": 7,
  "version": "0",
  "isOpen": false,
  "languageVersion": 2,
  "identifiers": {
    "Sample": "Sample",
    "test": "test",
    "word": "word"
  }
}